// Jest Snapshot v1, https://goo.gl/fbAQLP

exports[`should render EditExpensePage correctly 1`] = `
<div>
  <div
    className="page-header"
  >
    <div
      className="content-container"
    >
      <h1
        className="page-header__title"
      >
        Edit Expense
      </h1>
    </div>
    <div
      className="content-container"
    >
      <ExpenseForm
        expense={
          Object {
            "amount": 147000,
            "createdAt": -345600000,
            "description": "Rent",
            "id": "2",
            "note": "Jan",
          }
        }
        onSubmit={[Function]}
      />
      <div>
        <button
          className="button button--secondary"
          onClick={[Function]}
        >
          Remove Expense
        </button>
      </div>
    </div>
  </div>
</div>
`;
