// Jest Snapshot v1, https://goo.gl/fbAQLP

exports[`should render ExpenseDashboardPage correctly 1`] = `
<div>
  This from the new dashboard page!!
  <Connect(ExpensesSummary) />
  <Connect(ExpenseListFilters) />
  <Connect(ExpenseList) />
</div>
`;
