// Jest Snapshot v1, https://goo.gl/fbAQLP

exports[`should render ExpenseListItem with expense details 1`] = `
<div>
  <h3>
    <Link
      replace={false}
      to="/edit/1"
    >
      Fruits
    </Link>
  </h3>
  200
   -  
  December 31st 1969
   - 
  Organic
</div>
`;
