// Jest Snapshot v1, https://goo.gl/fbAQLP

exports[`should render ExpensesSummary with expenses 1`] = `
<div>
  <h1>
     
    Viewing undefined expenses totaling $0.00.
  </h1>
</div>
`;

exports[`should render ExpensesSummary with no expenses 1`] = `
<div>
  <h1>
     
    Viewing undefined expenses totaling $0.00.
  </h1>
</div>
`;
